/ip firewall address-list add list=rkn address=8.8.31.0/24
/ip firewall address-list add list=rkn address=8.18.31.0/24
/ip firewall address-list add list=rkn address=8.22.120.0/23
/ip firewall address-list add list=rkn address=8.39.53.0/24
/ip firewall address-list add list=rkn address=64.74.98.0/24
/ip firewall address-list add list=rkn address=64.152.25.0/24
/ip firewall address-list add list=rkn address=64.156.4.0/22
/ip firewall address-list add list=rkn address=65.156.227.0/24
/ip firewall address-list add list=rkn address=69.28.147.0/24
/ip firewall address-list add list=rkn address=70.42.142.0/24
/ip firewall address-list add list=rkn address=91.225.248.0/23
/ip firewall address-list add list=rkn address=91.225.250.0/24
/ip firewall address-list add list=rkn address=103.20.92.0/22
/ip firewall address-list add list=rkn address=108.174.0.0/20
/ip firewall address-list add list=rkn address=144.2.0.0/22
/ip firewall address-list add list=rkn address=144.2.4.0/23
/ip firewall address-list add list=rkn address=144.2.7.0/24
/ip firewall address-list add list=rkn address=144.2.8.0/21
/ip firewall address-list add list=rkn address=144.2.16.0/22
/ip firewall address-list add list=rkn address=144.2.21.0/24
/ip firewall address-list add list=rkn address=144.2.22.0/24
/ip firewall address-list add list=rkn address=144.2.192.0/22
/ip firewall address-list add list=rkn address=144.2.224.0/23
/ip firewall address-list add list=rkn address=144.2.226.0/24
/ip firewall address-list add list=rkn address=144.2.228.0/23
/ip firewall address-list add list=rkn address=144.2.230.0/24
/ip firewall address-list add list=rkn address=144.2.232.0/23
/ip firewall address-list add list=rkn address=144.2.234.0/24
/ip firewall address-list add list=rkn address=144.2.236.0/23
/ip firewall address-list add list=rkn address=144.2.238.0/24
/ip firewall address-list add list=rkn address=185.63.144.0/23
/ip firewall address-list add list=rkn address=185.63.147.0/24
/ip firewall address-list add list=rkn address=199.101.160.0/22
/ip firewall address-list add list=rkn address=202.4.184.0/24
/ip firewall address-list add list=rkn address=204.2.228.0/24
/ip firewall address-list add list=rkn address=208.111.169.0/24
/ip firewall address-list add list=rkn address=209.119.43.0/24
/ip firewall address-list add list=rkn address=216.3.18.0/24
/ip firewall address-list add list=rkn address=216.52.16.0/21
/ip firewall address-list add list=rkn address=216.52.242.0/24
/ip firewall address-list add list=rkn address=13.107.42.0/24
